[tempo2Util.C:396] Warning: [TIM1] Please place MODE flags in the parameter file 
[preProcess.C:158] Warning: PSR J0030+0451 uses DM2+ but does not define DM_SERIES. Assume Taylor. This has behaviour has changed since June 2020!
See https://bitbucket.org/psrsoft/tempo2/issues/27/tempo2-dm-polynomial-is-not-a-taylor

[tempo2Util.C:401] Warning: [DUP1] duplicated warnings have been suppressed.
[preProcess.C:158] Warning: PSR J0030+0451 uses DM2+ but does not define DM_SERIES. Assume Taylor. This has behaviour has changed since June 2020!
See https://bitbucket.org/psrsoft/tempo2/issues/27/tempo2-dm-polynomial-is-not-a-taylor

WARNING: Could not find pulsar distance for PSR J0034-0534. Setting value to 1 with 20% uncertainty.
[preProcess.C:158] Warning: PSR J0034-0534 uses DM2+ but does not define DM_SERIES. Assume Taylor. This has behaviour has changed since June 2020!
See https://bitbucket.org/psrsoft/tempo2/issues/27/tempo2-dm-polynomial-is-not-a-taylor

WARNING: Could not find pulsar distance for PSR J0218+4232. Setting value to 1 with 20% uncertainty.
[preProcess.C:158] Warning: PSR J0218+4232 uses DM2+ but does not define DM_SERIES. Assume Taylor. This has behaviour has changed since June 2020!
See https://bitbucket.org/psrsoft/tempo2/issues/27/tempo2-dm-polynomial-is-not-a-taylor

[preProcess.C:158] Warning: PSR J0437-4715 uses DM2+ but does not define DM_SERIES. Assume Taylor. This has behaviour has changed since June 2020!
See https://bitbucket.org/psrsoft/tempo2/issues/27/tempo2-dm-polynomial-is-not-a-taylor

[preProcess.C:158] Warning: PSR J0613-0200 uses DM2+ but does not define DM_SERIES. Assume Taylor. This has behaviour has changed since June 2020!
See https://bitbucket.org/psrsoft/tempo2/issues/27/tempo2-dm-polynomial-is-not-a-taylor

WARNING: Could not find pulsar distance for PSR J0621+1002. Setting value to 1 with 20% uncertainty.
[preProcess.C:158] Warning: PSR J0621+1002 uses DM2+ but does not define DM_SERIES. Assume Taylor. This has behaviour has changed since June 2020!
See https://bitbucket.org/psrsoft/tempo2/issues/27/tempo2-dm-polynomial-is-not-a-taylor

[preProcess.C:158] Warning: PSR J0711-6830 uses DM2+ but does not define DM_SERIES. Assume Taylor. This has behaviour has changed since June 2020!
See https://bitbucket.org/psrsoft/tempo2/issues/27/tempo2-dm-polynomial-is-not-a-taylor

WARNING: Could not find pulsar distance for PSR J0751+1807. Setting value to 1 with 20% uncertainty.
[preProcess.C:158] Warning: PSR J0751+1807 uses DM2+ but does not define DM_SERIES. Assume Taylor. This has behaviour has changed since June 2020!
See https://bitbucket.org/psrsoft/tempo2/issues/27/tempo2-dm-polynomial-is-not-a-taylor

WARNING: Could not find pulsar distance for PSR J0900-3144. Setting value to 1 with 20% uncertainty.
[preProcess.C:158] Warning: PSR J0900-3144 uses DM2+ but does not define DM_SERIES. Assume Taylor. This has behaviour has changed since June 2020!
See https://bitbucket.org/psrsoft/tempo2/issues/27/tempo2-dm-polynomial-is-not-a-taylor

[preProcess.C:158] Warning: PSR J1012+5307 uses DM2+ but does not define DM_SERIES. Assume Taylor. This has behaviour has changed since June 2020!
See https://bitbucket.org/psrsoft/tempo2/issues/27/tempo2-dm-polynomial-is-not-a-taylor

[preProcess.C:158] Warning: PSR J1022+1001 uses DM2+ but does not define DM_SERIES. Assume Taylor. This has behaviour has changed since June 2020!
See https://bitbucket.org/psrsoft/tempo2/issues/27/tempo2-dm-polynomial-is-not-a-taylor

[preProcess.C:158] Warning: PSR J1024-0719 uses DM2+ but does not define DM_SERIES. Assume Taylor. This has behaviour has changed since June 2020!
See https://bitbucket.org/psrsoft/tempo2/issues/27/tempo2-dm-polynomial-is-not-a-taylor

[preProcess.C:158] Warning: PSR J1045-4509 uses DM2+ but does not define DM_SERIES. Assume Taylor. This has behaviour has changed since June 2020!
See https://bitbucket.org/psrsoft/tempo2/issues/27/tempo2-dm-polynomial-is-not-a-taylor

[preProcess.C:158] Warning: PSR J1455-3330 uses DM2+ but does not define DM_SERIES. Assume Taylor. This has behaviour has changed since June 2020!
See https://bitbucket.org/psrsoft/tempo2/issues/27/tempo2-dm-polynomial-is-not-a-taylor

[preProcess.C:158] Warning: PSR J1600-3053 uses DM2+ but does not define DM_SERIES. Assume Taylor. This has behaviour has changed since June 2020!
See https://bitbucket.org/psrsoft/tempo2/issues/27/tempo2-dm-polynomial-is-not-a-taylor

[preProcess.C:158] Warning: PSR J1603-7202 uses DM2+ but does not define DM_SERIES. Assume Taylor. This has behaviour has changed since June 2020!
See https://bitbucket.org/psrsoft/tempo2/issues/27/tempo2-dm-polynomial-is-not-a-taylor

WARNING: Could not find pulsar distance for PSR J1614-2230. Setting value to 1 with 20% uncertainty.
[preProcess.C:158] Warning: PSR J1614-2230 uses DM2+ but does not define DM_SERIES. Assume Taylor. This has behaviour has changed since June 2020!
See https://bitbucket.org/psrsoft/tempo2/issues/27/tempo2-dm-polynomial-is-not-a-taylor

[preProcess.C:158] Warning: PSR J1640+2224 uses DM2+ but does not define DM_SERIES. Assume Taylor. This has behaviour has changed since June 2020!
See https://bitbucket.org/psrsoft/tempo2/issues/27/tempo2-dm-polynomial-is-not-a-taylor

[preProcess.C:158] Warning: PSR J1643-1224 uses DM2+ but does not define DM_SERIES. Assume Taylor. This has behaviour has changed since June 2020!
See https://bitbucket.org/psrsoft/tempo2/issues/27/tempo2-dm-polynomial-is-not-a-taylor

[preProcess.C:158] Warning: PSR J1713+0747 uses DM2+ but does not define DM_SERIES. Assume Taylor. This has behaviour has changed since June 2020!
See https://bitbucket.org/psrsoft/tempo2/issues/27/tempo2-dm-polynomial-is-not-a-taylor

[preProcess.C:158] Warning: PSR J1730-2304 uses DM2+ but does not define DM_SERIES. Assume Taylor. This has behaviour has changed since June 2020!
See https://bitbucket.org/psrsoft/tempo2/issues/27/tempo2-dm-polynomial-is-not-a-taylor

[preProcess.C:158] Warning: PSR J1744-1134 uses DM2+ but does not define DM_SERIES. Assume Taylor. This has behaviour has changed since June 2020!
See https://bitbucket.org/psrsoft/tempo2/issues/27/tempo2-dm-polynomial-is-not-a-taylor

[preProcess.C:158] Warning: PSR J1857+0943 uses DM2+ but does not define DM_SERIES. Assume Taylor. This has behaviour has changed since June 2020!
See https://bitbucket.org/psrsoft/tempo2/issues/27/tempo2-dm-polynomial-is-not-a-taylor

[preProcess.C:158] Warning: PSR J1909-3744 uses DM2+ but does not define DM_SERIES. Assume Taylor. This has behaviour has changed since June 2020!
See https://bitbucket.org/psrsoft/tempo2/issues/27/tempo2-dm-polynomial-is-not-a-taylor

[preProcess.C:158] Warning: PSR J1918-0642 uses DM2+ but does not define DM_SERIES. Assume Taylor. This has behaviour has changed since June 2020!
See https://bitbucket.org/psrsoft/tempo2/issues/27/tempo2-dm-polynomial-is-not-a-taylor

[preProcess.C:158] Warning: PSR J1939+2134 uses DM2+ but does not define DM_SERIES. Assume Taylor. This has behaviour has changed since June 2020!
See https://bitbucket.org/psrsoft/tempo2/issues/27/tempo2-dm-polynomial-is-not-a-taylor

WARNING: Could not find pulsar distance for PSR J1944+0907. Setting value to 1 with 20% uncertainty.
[preProcess.C:158] Warning: PSR J1944+0907 uses DM2+ but does not define DM_SERIES. Assume Taylor. This has behaviour has changed since June 2020!
See https://bitbucket.org/psrsoft/tempo2/issues/27/tempo2-dm-polynomial-is-not-a-taylor

WARNING: Could not find pulsar distance for PSR J2010-1323. Setting value to 1 with 20% uncertainty.
[preProcess.C:158] Warning: PSR J2010-1323 uses DM2+ but does not define DM_SERIES. Assume Taylor. This has behaviour has changed since June 2020!
See https://bitbucket.org/psrsoft/tempo2/issues/27/tempo2-dm-polynomial-is-not-a-taylor

[preProcess.C:158] Warning: PSR J2124-3358 uses DM2+ but does not define DM_SERIES. Assume Taylor. This has behaviour has changed since June 2020!
See https://bitbucket.org/psrsoft/tempo2/issues/27/tempo2-dm-polynomial-is-not-a-taylor

[preProcess.C:158] Warning: PSR J2129-5721 uses DM2+ but does not define DM_SERIES. Assume Taylor. This has behaviour has changed since June 2020!
See https://bitbucket.org/psrsoft/tempo2/issues/27/tempo2-dm-polynomial-is-not-a-taylor

[preProcess.C:158] Warning: PSR J2145-0750 uses DM2+ but does not define DM_SERIES. Assume Taylor. This has behaviour has changed since June 2020!
See https://bitbucket.org/psrsoft/tempo2/issues/27/tempo2-dm-polynomial-is-not-a-taylor

WARNING: Could not find pulsar distance for PSR J2229+2643. Setting value to 1 with 20% uncertainty.
[preProcess.C:158] Warning: PSR J2229+2643 uses DM2+ but does not define DM_SERIES. Assume Taylor. This has behaviour has changed since June 2020!
See https://bitbucket.org/psrsoft/tempo2/issues/27/tempo2-dm-polynomial-is-not-a-taylor

[preProcess.C:158] Warning: PSR J2317+1439 uses DM2+ but does not define DM_SERIES. Assume Taylor. This has behaviour has changed since June 2020!
See https://bitbucket.org/psrsoft/tempo2/issues/27/tempo2-dm-polynomial-is-not-a-taylor

2025-04-07 09:40:33.008885: W external/xla/xla/hlo/transforms/simplifiers/hlo_rematerialization.cc:3021] Can't reduce memory use below 20.89GiB (22426963773 bytes) by rematerialization; only reduced to 56.34GiB (60490254544 bytes), down from 56.34GiB (60490960088 bytes) originally
=== JAX VERSION INFO ===
JAX version: 0.5.3

=== DEVICE INFO ===
Default device: gpu

=== JAX CONFIG SETTINGS ===
eager_constant_folding: False
jax2tf_associative_scan_reductions: False
jax2tf_default_native_serialization: True
jax_array_garbage_collection_guard: None
jax_backend_target: 
jax_bcoo_cusparse_lowering: False
jax_check_proxy_envs: True
jax_check_tracer_leaks: False
jax_compilation_cache_dir: None
jax_compilation_cache_expect_pgle: False
jax_compilation_cache_include_metadata_in_key: False
jax_compilation_cache_max_size: -1
jax_compiler_detailed_logging_min_ops: 10
jax_compiler_enable_remat_pass: True
jax_cpu_collectives_implementation: None
jax_cpu_enable_async_dispatch: True
jax_cpu_enable_gloo_collectives: False
jax_cuda_visible_devices: all
jax_custom_vjp_disable_shape_check: False
jax_data_dependent_tracing_fallback: False
jax_debug_infs: False
jax_debug_key_reuse: False
jax_debug_log_modules: 
jax_debug_nans: False
jax_default_device: None
jax_default_dtype_bits: 64
jax_default_matmul_precision: None
jax_default_prng_impl: threefry2x32
jax_disable_jit: False
jax_disable_most_optimizations: False
jax_disable_vmap_shmap_error: False
jax_disallow_mesh_context_manager: False
jax_distributed_debug: False
jax_dump_ir_to: 
jax_dynamic_shapes: False
jax_eager_pmap: True
jax_enable_checks: False
jax_enable_compilation_cache: True
jax_enable_custom_prng: False
jax_enable_custom_vjp_by_custom_transpose: False
jax_enable_empty_arrays: False
jax_enable_pgle: False
jax_enable_x64: True
jax_exec_time_optimization_effort: 0.0
jax_experimental_unsafe_xla_runtime_errors: False
jax_explain_cache_misses: False
jax_export_calling_convention_version: 9
jax_export_ignore_forward_compatibility: False
jax_high_dynamic_range_gumbel: False
jax_hlo_source_file_canonicalization_regex: None
jax_include_debug_info_in_dumps: True
jax_include_full_tracebacks_in_locations: True
jax_legacy_prng_key: allow
jax_log_checkpoint_residuals: False
jax_log_compiles: False
jax_logging_level: NOTSET
jax_memory_fitting_effort: 0.0
jax_memory_fitting_level: UNKNOWN
jax_mock_gpu_topology: 
jax_mutable_array_checks: False
jax_no_tracing: False
jax_num_cpu_devices: -1
jax_numpy_dtype_promotion: standard
jax_numpy_rank_promotion: allow
jax_optimization_level: UNKNOWN
jax_persistent_cache_enable_xla_caches: xla_gpu_per_fusion_autotune_cache_dir
jax_persistent_cache_min_compile_time_secs: 1.0
jax_persistent_cache_min_entry_size_bytes: 0
jax_pgle_aggregation_percentile: 90
jax_pgle_profiling_runs: 3
jax_pjrt_client_create_options: None
jax_platform_name: gpu
jax_platforms: None
jax_pmap_no_rank_reduction: True
jax_pmap_shmap_merge: False
jax_pprint_use_color: True
jax_raise_persistent_cache_errors: False
jax_random_seed_offset: 0
jax_remat_opt_barrier: True
jax_remove_custom_partitioning_ptr_from_cache_key: False
jax_rocm_visible_devices: all
jax_serialization_version: 0
jax_share_binary_between_hosts: False
jax_share_binary_between_hosts_timeout_ms: 1200000
jax_softmax_custom_jvp: False
jax_spmd_mode: allow_jit
jax_threefry_gpu_kernel_lowering: False
jax_threefry_partitionable: True
jax_traceback_filtering: auto
jax_traceback_in_locations_limit: 10
jax_tracer_error_num_traceback_frames: 5
jax_transfer_guard: None
jax_transfer_guard_device_to_device: None
jax_transfer_guard_device_to_host: None
jax_transfer_guard_host_to_device: None
jax_use_direct_linearize: False
jax_use_magma: auto
jax_use_shardy_partitioner: False
jax_varying_axes_in_types: False
jax_xla_backend: 
jax_xla_profile_version: 0
mock_num_gpu_processes: 0

JAX GPU acceleration is AVAILABLE!
GPU devices: [CudaDevice(id=0)]
-----------------------------------------------
Getting the data. Loading 33 pulsars from ../data/IPTA_MockDataChallenge2/dataset_1b/
J0030+0451 205.53069593846152
J0034-0534 532.7134293952242
J0218+4232 430.46105454575843
J0437-4715 173.68794573751967
J0613-0200 326.60056202349193
J0621+1002 34.65740662142043
J0711-6830 182.1172346472276
J0751+1807 287.4578539950941
J0900-3144 90.01184191936728
J1012+5307 190.26783444155498
J1022+1001 60.77944795669458
J1024-0719 193.71568344854623
J1045-4509 133.79314954119278
J1455-3330 125.20024324499536
J1600-3053 277.93770698961544
J1603-7202 67.37658112877924
J1614-2230 317.37893706872126
J1640+2224 316.1239793318562
J1643-1224 216.37333714263337
J1713+0747 218.81184041715784
J1730-2304 123.1102871473716
J1744-1134 245.4261196898099
J1857+0943 186.49407837798236
J1909-3744 339.3156872184855
J1918-0642 130.78951412337267
J1939+2134 641.9282245822369
J1944+0907 192.85651792018598
J2010-1323 191.45090909263828
J2124-3358 202.7938937460303
J2129-5721 268.3592272938659
J2145-0750 62.29588783738885
J2229+2643 335.8162081968717
J2317+1439 290.25460366486976
Total length of the data is  3019
Total number of pulsars is  33
The number of pulsars is: 33
The frequencies are: [205.53069594 532.7134294  430.46105455 173.68794574 326.60056202
  34.65740662 182.11723465 287.457854    90.01184192 190.26783444
  60.77944796 193.71568345 133.79314954 125.20024324 277.93770699
  67.37658113 317.37893707 316.12397933 216.37333714 218.81184042
 123.11028715 245.42611969 186.49407838 339.31568722 130.78951412
 641.92822458 192.85651792 191.45090909 202.79389375 268.35922729
  62.29588784 335.8162082  290.25460366]
Precomputing the observation matrices
This might take a few seconds, but only needs to be done once.

Starting compilation phase...
Compilation time: 5.0629 seconds
--------------------------------
--------------------------------
--------------------------------
--------------------------------
--------------------------------
--------------------------------
--------------------------------
--------------------------------

 Running compiled execution
Log-likelihood: [[-8756.9914511]]
Execution time: 0.5156 seconds
Starting NumPyro

=== NUMPYRO DEVICE INFO ===
NumPyro version: 0.18.0
--------------------------------
  0%|          | 0/1500 [00:00<?, ?it/s]2025-04-07 09:41:04.078157: W external/xla/xla/tsl/framework/bfc_allocator.cc:501] Allocator (GPU_0_bfc) ran out of memory trying to allocate 60.70GiB (rounded to 65172014336)requested by op 
2025-04-07 09:41:04.079910: W external/xla/xla/tsl/framework/bfc_allocator.cc:512] *______________________________________________________________*____________________________________
E0407 09:41:04.079954  196730 pjrt_stream_executor_client.cc:3077] Execution of replica 0 failed: RESOURCE_EXHAUSTED: Out of memory while trying to allocate 65172014304 bytes. [tf-allocator-allocation-error='']
  0%|          | 0/1500 [00:19<?, ?it/s]
Traceback (most recent call last):
  File "/fred/oz022/tkimpson/Argus/test/benchmark_parameter_estimation.py", line 195, in <module>
    benchmark_jax_parameter_estimation() 
    ^^^^^^^^^^^^^^^^^^^^^^^^^^^^^^^^^^^^
  File "/fred/oz022/tkimpson/Argus/test/benchmark_parameter_estimation.py", line 134, in benchmark_jax_parameter_estimation
    mcmc.run(rng_key, kf=KF)
  File "/fred/oz022/tkimpson/conda_envs/Argus/lib/python3.12/site-packages/numpyro/infer/mcmc.py", line 702, in run
    states_flat, last_state = partial_map_fn(map_args)
                              ^^^^^^^^^^^^^^^^^^^^^^^^
  File "/fred/oz022/tkimpson/conda_envs/Argus/lib/python3.12/site-packages/numpyro/infer/mcmc.py", line 489, in _single_chain_mcmc
    collect_vals = fori_collect(
                   ^^^^^^^^^^^^^
  File "/fred/oz022/tkimpson/conda_envs/Argus/lib/python3.12/site-packages/numpyro/util.py", line 399, in fori_collect
    vals = _body_fn(i, *vals)
           ^^^^^^^^^^^^^^^^^^
jaxlib.xla_extension.XlaRuntimeError: RESOURCE_EXHAUSTED: Out of memory while trying to allocate 65172014304 bytes.
--------------------
For simplicity, JAX has removed its internal frames from the traceback of the following exception. Set JAX_TRACEBACK_FILTERING=off to include these.

real	2m45.599s
user	0m35.367s
sys	0m10.971s

+------------------- Job Report: 66708170 (FAILED) --------------------+
| Memory (RAM)  [#                   ]  6.0% (3 GB peak / 50 GB)       |
| CPU           [##                  ] 12.7% average                   |
| GPU           [                    ]  0.0% average                   |
| Time          [------------------> ] 94.3% (0-00:04:43 / 0-00:05:00) |
|                                                                      |
| Lustre Filesystem:                                                   |
|   Path    Total Read    Total Write    Total IOPS                    |
|   ------  ------------  -------------  ------------                  |
|   /apps   29.9 MB       0 B            10                            |
|   /fred   471.7 MB      60.9 KB        13.8 K                        |
|   /home   60 KB         0 B            11                            |
|   OS      16.9 MB       0 B            11                            |
|                                                                      |
| Warnings:                                                            |
|   - Too much memory requested                                        |
|   - CPU usage is low                                                 |
|   - GPU usage is low                                                 |
+----------------------------------------------------------------------+
